package autofix

import (
	"fmt"
	"os"
	"strings"
)

var _ = importGrouping

func importGrouping() {
	data := strings.TrimSpace("  hello  ")
	fmt.Println(data)

	var err error
	if errors.Is(err, fs.ErrNotExist) { // want `os.IsNotExist is deprecated, use errors.Is\(err, fs.ErrNotExist\) instead`
		fmt.Println("File does not exist")
	}
}