package main

import (
	"errors"
	"fmt"
	"io/fs"
	"os"
)

func main() {
	file, err := os.Open("test.txt")
	if err != nil {
		if errors.Is(err, fs.ErrNotExist) {
			fmt.Println("File does not exist")
		}
	}
	defer file.Close()

	// os package is still used for other purposes
	info, _ := os.Stat("test.txt")
	fmt.Println(info.Size())
}
