package main

import (
	"errors"
	"fmt"
	"io/fs"
	"os"
)

func main() {
	_, err := os.Open("test.txt")
	if err != nil {
		if errors.Is(err, fs.ErrNotExist) {
			fmt.Println("File does not exist - already modern")
		}
	}
}